asdfasdfasdf
asdfhashdfasdhf
asdhfashdfasdh
czxcvzxcvzxc
fasfasfasdef
qwetyuqweuqwuer
tqtqeerqwerqwe
wefqwefqwef
zxcbvzbxcvbzxcrvb
zxcbvzxbcvbzxcvq
zxcvzxcvzxcv
zxcvzxvczxcv
